Traceback (most recent call last):
  File "<string>", line 1, in <module>
ModuleNotFoundError: No module named 'utils'
